
> dariza-fabrics@0.1.0 build
> next build

node.exe : ΓÜá 
`images.domains` is 
deprecated in favor of 
`images.remotePatterns`. 
Please update next.config.ts 
to protect your application 
from malicious users.
At C:\Program 
Files\nodejs\npm.ps1:29 
char:3
+   & $NODE_EXE $NPM_CLI_JS 
$args
+   
~~~~~~~~~~~~~~~~~~~~~~~~~~~~~
    + CategoryInfo           
   : NotSpecified: (ΓÜá `im  
  ages.dom...alicious user   
 s.:String) [], RemoteExc    
eption
    + FullyQualifiedErrorId  
   : NativeCommandError
 
Γû▓ Next.js 16.1.1 (Turbopack)
- Environments: .env.local, .env
- Experiments (use with caution):
  ┬╖ serverActions

  Creating an optimized production build ...

> Build error occurred
Error: Turbopack build 
failed with 1 errors:
./app/shop/page.tsx:12:14
Ecmascript file had an error
[0m [90m 10 |[39m 
[36mexport[39m 
[36mconst[39m revalidate 
[33m=[39m 
[35m3600[39m[33m;[39m 
[90m// 1 hour static cache 
for global shop[39m
 [90m 11 |[39m
[31m[1m>[22m[39m[90m 12 
|[39m [36mexport[39m 
[36mconst[39m metadata 
[33m=[39m {
 [90m    |[39m             
 [31m[1m^[22m[39m[31m[1
m^[22m[39m[31m[1m^[22m[
39m[31m[1m^[22m[39m[31m
[1m^[22m[39m[31m[1m^[22m
[39m[31m[1m^[22m[39m[31
m[1m^[22m[39m
 [90m 13 |[39m     
title[33m:[39m [32m'Shop 
All | Darzia 
Fabrics'[39m[33m,[39m
 [90m 14 |[39m     
description[33m:[39m 
[32m'Explore our exclusive 
range of timeless Kashmiri 
Elegance, premium sarees, 
and warm 
coats.'[39m[33m,[39m
 [90m 15 |[39m     
alternates[33m:[39m {[0m

You are attempting to export 
"metadata" from a component 
marked with "use client", 
which is disallowed. Either 
remove the export, or the 
"use client" directive. Read 
more: https://nextjs.org/docs
/app/api-reference/directives
/use-client



Import traces:
  Client Component Browser:
    ./app/shop/page.tsx 
[Client Component Browser]
    ./app/shop/page.tsx 
[Server Component]

  Client Component SSR:
    ./app/shop/page.tsx 
[Client Component SSR]
    ./app/shop/page.tsx 
[Server Component]


    at <unknown> 
(./app/shop/page.tsx:12:14)
